Archive member included to satisfy reference by file (symbol)

C:/NXP/S32DS.3.5/S32DS/build_tools/gcc_b1620/gcc-6.3-arm32-eabi/arm-none-eabi/newlib/lib/thumb/v7e-m/fpv4-sp/hard\libc_nano.a(lib_a-exit.o)
                              C:/NXP/S32DS.3.5/S32DS/build_tools/gcc_b1620/gcc-6.3-arm32-eabi/arm-none-eabi/newlib/lib/thumb/v7e-m/fpv4-sp/hard/crt0.o (exit)
C:/NXP/S32DS.3.5/S32DS/build_tools/gcc_b1620/gcc-6.3-arm32-eabi/arm-none-eabi/newlib/lib/thumb/v7e-m/fpv4-sp/hard\libc_nano.a(lib_a-impure.o)
                              C:/NXP/S32DS.3.5/S32DS/build_tools/gcc_b1620/gcc-6.3-arm32-eabi/arm-none-eabi/newlib/lib/thumb/v7e-m/fpv4-sp/hard\libc_nano.a(lib_a-exit.o) (_global_impure_ptr)
C:/NXP/S32DS.3.5/S32DS/build_tools/gcc_b1620/gcc-6.3-arm32-eabi/arm-none-eabi/newlib/lib/thumb/v7e-m/fpv4-sp/hard\libc_nano.a(lib_a-init.o)
                              C:/NXP/S32DS.3.5/S32DS/build_tools/gcc_b1620/gcc-6.3-arm32-eabi/arm-none-eabi/newlib/lib/thumb/v7e-m/fpv4-sp/hard/crt0.o (__libc_init_array)
C:/NXP/S32DS.3.5/S32DS/build_tools/gcc_b1620/gcc-6.3-arm32-eabi/arm-none-eabi/newlib/lib/thumb/v7e-m/fpv4-sp/hard\libc_nano.a(lib_a-memset.o)
                              C:/NXP/S32DS.3.5/S32DS/build_tools/gcc_b1620/gcc-6.3-arm32-eabi/arm-none-eabi/newlib/lib/thumb/v7e-m/fpv4-sp/hard/crt0.o (memset)
C:/NXP/S32DS.3.5/S32DS/build_tools/gcc_b1620/gcc-6.3-arm32-eabi/arm-none-eabi/newlib/lib/thumb/v7e-m/fpv4-sp/hard\libnosys.a(_exit.o)
                              C:/NXP/S32DS.3.5/S32DS/build_tools/gcc_b1620/gcc-6.3-arm32-eabi/arm-none-eabi/newlib/lib/thumb/v7e-m/fpv4-sp/hard\libc_nano.a(lib_a-exit.o) (_exit)

Discarded input sections

 .text          0x00000000        0x0 c:/nxp/s32ds.3.5/s32ds/build_tools/gcc_b1620/gcc-6.3-arm32-eabi/bin/../lib/gcc/arm-none-eabi/6.3.1/thumb/v7e-m/fpv4-sp/hard/crti.o
 .data          0x00000000        0x0 c:/nxp/s32ds.3.5/s32ds/build_tools/gcc_b1620/gcc-6.3-arm32-eabi/bin/../lib/gcc/arm-none-eabi/6.3.1/thumb/v7e-m/fpv4-sp/hard/crti.o
 .bss           0x00000000        0x0 c:/nxp/s32ds.3.5/s32ds/build_tools/gcc_b1620/gcc-6.3-arm32-eabi/bin/../lib/gcc/arm-none-eabi/6.3.1/thumb/v7e-m/fpv4-sp/hard/crti.o
 .text          0x00000000       0xa4 c:/nxp/s32ds.3.5/s32ds/build_tools/gcc_b1620/gcc-6.3-arm32-eabi/bin/../lib/gcc/arm-none-eabi/6.3.1/thumb/v7e-m/fpv4-sp/hard/crtbegin.o
 .data          0x00000000        0x4 c:/nxp/s32ds.3.5/s32ds/build_tools/gcc_b1620/gcc-6.3-arm32-eabi/bin/../lib/gcc/arm-none-eabi/6.3.1/thumb/v7e-m/fpv4-sp/hard/crtbegin.o
 .bss           0x00000000       0x1c c:/nxp/s32ds.3.5/s32ds/build_tools/gcc_b1620/gcc-6.3-arm32-eabi/bin/../lib/gcc/arm-none-eabi/6.3.1/thumb/v7e-m/fpv4-sp/hard/crtbegin.o
 .init_array    0x00000000        0x4 c:/nxp/s32ds.3.5/s32ds/build_tools/gcc_b1620/gcc-6.3-arm32-eabi/bin/../lib/gcc/arm-none-eabi/6.3.1/thumb/v7e-m/fpv4-sp/hard/crtbegin.o
 .fini_array    0x00000000        0x4 c:/nxp/s32ds.3.5/s32ds/build_tools/gcc_b1620/gcc-6.3-arm32-eabi/bin/../lib/gcc/arm-none-eabi/6.3.1/thumb/v7e-m/fpv4-sp/hard/crtbegin.o
 .eh_frame      0x00000000        0x0 c:/nxp/s32ds.3.5/s32ds/build_tools/gcc_b1620/gcc-6.3-arm32-eabi/bin/../lib/gcc/arm-none-eabi/6.3.1/thumb/v7e-m/fpv4-sp/hard/crtbegin.o
 .jcr           0x00000000        0x0 c:/nxp/s32ds.3.5/s32ds/build_tools/gcc_b1620/gcc-6.3-arm32-eabi/bin/../lib/gcc/arm-none-eabi/6.3.1/thumb/v7e-m/fpv4-sp/hard/crtbegin.o
 .tm_clone_table
                0x00000000        0x0 c:/nxp/s32ds.3.5/s32ds/build_tools/gcc_b1620/gcc-6.3-arm32-eabi/bin/../lib/gcc/arm-none-eabi/6.3.1/thumb/v7e-m/fpv4-sp/hard/crtbegin.o
 .comment       0x00000000       0x7f c:/nxp/s32ds.3.5/s32ds/build_tools/gcc_b1620/gcc-6.3-arm32-eabi/bin/../lib/gcc/arm-none-eabi/6.3.1/thumb/v7e-m/fpv4-sp/hard/crtbegin.o
 .ARM.attributes
                0x00000000       0x34 c:/nxp/s32ds.3.5/s32ds/build_tools/gcc_b1620/gcc-6.3-arm32-eabi/bin/../lib/gcc/arm-none-eabi/6.3.1/thumb/v7e-m/fpv4-sp/hard/crtbegin.o
 .text          0x00000000       0x7c C:/NXP/S32DS.3.5/S32DS/build_tools/gcc_b1620/gcc-6.3-arm32-eabi/arm-none-eabi/newlib/lib/thumb/v7e-m/fpv4-sp/hard/crt0.o
 .data          0x00000000        0x0 C:/NXP/S32DS.3.5/S32DS/build_tools/gcc_b1620/gcc-6.3-arm32-eabi/arm-none-eabi/newlib/lib/thumb/v7e-m/fpv4-sp/hard/crt0.o
 .bss           0x00000000        0x0 C:/NXP/S32DS.3.5/S32DS/build_tools/gcc_b1620/gcc-6.3-arm32-eabi/arm-none-eabi/newlib/lib/thumb/v7e-m/fpv4-sp/hard/crt0.o
 .ARM.extab     0x00000000        0x0 C:/NXP/S32DS.3.5/S32DS/build_tools/gcc_b1620/gcc-6.3-arm32-eabi/arm-none-eabi/newlib/lib/thumb/v7e-m/fpv4-sp/hard/crt0.o
 .ARM.exidx     0x00000000       0x10 C:/NXP/S32DS.3.5/S32DS/build_tools/gcc_b1620/gcc-6.3-arm32-eabi/arm-none-eabi/newlib/lib/thumb/v7e-m/fpv4-sp/hard/crt0.o
 .ARM.attributes
                0x00000000       0x20 C:/NXP/S32DS.3.5/S32DS/build_tools/gcc_b1620/gcc-6.3-arm32-eabi/arm-none-eabi/newlib/lib/thumb/v7e-m/fpv4-sp/hard/crt0.o
 .data          0x00000000        0x0 ./Project_Settings/Startup_Code/startup_S32K144.o
[...]
Memory Configuration

Name             Origin             Length             Attributes
m_interrupts     0x00000000         0x00000400         xr
m_flash_config   0x00000400         0x00000010         xr
m_text           0x00000410         0x0007fbf0         xr
m_data           0x1fff8000         0x00008000         rw
m_data_2         0x20000000         0x00007000         rw
*default*        0x00000000         0xffffffff

Linker script and memory map

LOAD c:/nxp/s32ds.3.5/s32ds/build_tools/gcc_b1620/gcc-6.3-arm32-eabi/bin/../lib/gcc/arm-none-eabi/6.3.1/thumb/v7e-m/fpv4-sp/hard/crti.o
LOAD c:/nxp/s32ds.3.5/s32ds/build_tools/gcc_b1620/gcc-6.3-arm32-eabi/bin/../lib/gcc/arm-none-eabi/6.3.1/thumb/v7e-m/fpv4-sp/hard/crtbegin.o
LOAD C:/NXP/S32DS.3.5/S32DS/build_tools/gcc_b1620/gcc-6.3-arm32-eabi/arm-none-eabi/newlib/lib/thumb/v7e-m/fpv4-sp/hard/crt0.o
LOAD ./Project_Settings/Startup_Code/startup_S32K144.o
LOAD ./SDK/platform/devices/S32K144/startup/system_S32K144.o
LOAD ./SDK/platform/devices/startup.o
LOAD ./SDK/platform/drivers/src/clock/S32K1xx/clock_S32K1xx.o
LOAD ./SDK/platform/drivers/src/edma/edma_driver.o
LOAD ./SDK/platform/drivers/src/edma/edma_hw_access.o
LOAD ./SDK/platform/drivers/src/edma/edma_irq.o
LOAD ./SDK/platform/drivers/src/flexcan/flexcan_driver.o
LOAD ./SDK/platform/drivers/src/flexcan/flexcan_hw_access.o
LOAD ./SDK/platform/drivers/src/flexcan/flexcan_irq.o
LOAD ./SDK/platform/drivers/src/ftm/ftm_common.o
LOAD ./SDK/platform/drivers/src/ftm/ftm_hw_access.o
LOAD ./SDK/platform/drivers/src/ftm/ftm_pwm_driver.o
LOAD ./SDK/platform/drivers/src/interrupt/interrupt_manager.o
LOAD ./SDK/platform/drivers/src/pins/pins_driver.o
LOAD ./SDK/platform/drivers/src/pins/pins_port_hw_access.o
LOAD ./SDK/platform/pal/src/can/can_pal.o
LOAD ./SDK/platform/pal/src/pwm/pwm_pal.o
LOAD ./SDK/rtos/osif/osif_baremetal.o
LOAD ./board/clock_config.o
LOAD ./board/peripherals_can_pal1.o
LOAD ./board/peripherals_osif1.o
LOAD ./board/peripherals_pwm_pal_1.o
LOAD ./board/pin_mux.o
LOAD ./src/FlexCAN.o
LOAD ./src/main.o
LOAD ./src/pwm.o
START GROUP
LOAD c:/nxp/s32ds.3.5/s32ds/build_tools/gcc_b1620/gcc-6.3-arm32-eabi/bin/../lib/gcc/arm-none-eabi/6.3.1/thumb/v7e-m/fpv4-sp/hard\libgcc.a
LOAD C:/NXP/S32DS.3.5/S32DS/build_tools/gcc_b1620/gcc-6.3-arm32-eabi/arm-none-eabi/newlib/lib/thumb/v7e-m/fpv4-sp/hard\libc_nano.a
END GROUP
START GROUP
LOAD c:/nxp/s32ds.3.5/s32ds/build_tools/gcc_b1620/gcc-6.3-arm32-eabi/bin/../lib/gcc/arm-none-eabi/6.3.1/thumb/v7e-m/fpv4-sp/hard\libgcc.a
LOAD C:/NXP/S32DS.3.5/S32DS/build_tools/gcc_b1620/gcc-6.3-arm32-eabi/arm-none-eabi/newlib/lib/thumb/v7e-m/fpv4-sp/hard\libc_nano.a
LOAD C:/NXP/S32DS.3.5/S32DS/build_tools/gcc_b1620/gcc-6.3-arm32-eabi/arm-none-eabi/newlib/lib/thumb/v7e-m/fpv4-sp/hard\libnosys.a
END GROUP
START GROUP
LOAD c:/nxp/s32ds.3.5/s32ds/build_tools/gcc_b1620/gcc-6.3-arm32-eabi/bin/../lib/gcc/arm-none-eabi/6.3.1/thumb/v7e-m/fpv4-sp/hard\libgcc.a
LOAD C:/NXP/S32DS.3.5/S32DS/build_tools/gcc_b1620/gcc-6.3-arm32-eabi/arm-none-eabi/newlib/lib/thumb/v7e-m/fpv4-sp/hard\libc_nano.a
LOAD C:/NXP/S32DS.3.5/S32DS/build_tools/gcc_b1620/gcc-6.3-arm32-eabi/arm-none-eabi/newlib/lib/thumb/v7e-m/fpv4-sp/hard\libnosys.a
END GROUP
LOAD c:/nxp/s32ds.3.5/s32ds/build_tools/gcc_b1620/gcc-6.3-arm32-eabi/bin/../lib/gcc/arm-none-eabi/6.3.1/thumb/v7e-m/fpv4-sp/hard/crtend.o
LOAD c:/nxp/s32ds.3.5/s32ds/build_tools/gcc_b1620/gcc-6.3-arm32-eabi/bin/../lib/gcc/arm-none-eabi/6.3.1/thumb/v7e-m/fpv4-sp/hard/crtn.o
                0x00000400                HEAP_SIZE = DEFINED (__heap_size__)?__heap_size__:0x400
                0x00000400                STACK_SIZE = DEFINED (__stack_size__)?__stack_size__:0x400
                0x00000400                M_VECTOR_RAM_SIZE = DEFINED (__flash_vector_table__)?0x0:0x400

.interrupts     0x00000000      0x400
                0x00000000                __VECTOR_TABLE = .
                0x00000000                __interrupts_start__ = .
                0x00000000                . = ALIGN (0x4)
 *(.isr_vector)
 .isr_vector    0x00000000      0x400 ./Project_Settings/Startup_Code/startup_S32K144.o
                0x00000000                __isr_vector
                0x00000400                __interrupts_end__ = .
                0x00000400                . = ALIGN (0x4)

.flash_config   0x00000400       0x10
                0x00000400                . = ALIGN (0x4)
 *(.FlashConfig)
 .FlashConfig   0x00000400       0x10 ./Project_Settings/Startup_Code/startup_S32K144.o
                0x00000410                . = ALIGN (0x4)

.text           0x00000410     0x1cc4
                0x00000410                . = ALIGN (0x4)
 *(.text)
 .text          0x00000410       0x6c ./Project_Settings/Startup_Code/startup_S32K144.o
                0x00000410                Reset_Handler
                0x00000478                DebugMon_Handler
                0x00000478                Reserved88_IRQHandler
                0x00000478                HardFault_Handler
                0x00000478                Reserved86_IRQHandler
                0x00000478                Reserved103_IRQHandler
                0x00000478                FTM2_Ovf_Reload_IRQHandler
                0x00000478                Reserved50_IRQHandler
                0x00000478                FTFC_Fault_IRQHandler
                0x00000478                FTM0_Ch6_Ch7_IRQHandler
                0x00000478                Reserved114_IRQHandler
                0x00000478                PendSV_Handler
                0x00000478                NMI_Handler
                0x00000478                Reserved89_IRQHandler
                0x00000478                ERM_double_fault_IRQHandler
                0x00000478                Reserved59_IRQHandler
                0x00000478                LPIT0_Ch0_IRQHandler
                0x00000478                Reserved99_IRQHandler
                0x00000478                FTM3_Ch6_Ch7_IRQHandler
                0x00000478                LPIT0_Ch3_IRQHandler
                0x00000478                Reserved92_IRQHandler
                0x00000478                FTM0_Ch4_Ch5_IRQHandler
                0x00000478                FTM3_Ch0_Ch1_IRQHandler
                0x00000478                SWI_IRQHandler
                0x00000478                ADC0_IRQHandler
                0x00000478                FTM2_Ch4_Ch5_IRQHandler
                0x00000478                UsageFault_Handler
                0x00000478                FTM0_Ovf_Reload_IRQHandler
                0x00000478                DefaultISR
                0x00000478                Reserved58_IRQHandler
                0x00000478                FTM1_Ch2_Ch3_IRQHandler
                0x00000478                Reserved82_IRQHandler
                0x00000478                LPI2C0_Slave_IRQHandler
                0x00000478                Reserved71_IRQHandler
                0x00000478                PORTD_IRQHandler
                0x00000478                Reserved69_IRQHandler
                0x00000478                PORTB_IRQHandler
                0x00000478                Reserved70_IRQHandler
                0x00000478                ADC1_IRQHandler
                0x00000478                FTM2_Ch2_Ch3_IRQHandler
                0x00000478                Reserved53_IRQHandler
                0x00000478                RTC_IRQHandler
                0x00000478                PDB0_IRQHandler
                0x00000478                Reserved54_IRQHandler
                0x00000478                FTM2_Ch6_Ch7_IRQHandler
                0x00000478                FTM3_Ch2_Ch3_IRQHandler
                0x00000478                FTM2_Ch0_Ch1_IRQHandler
                0x00000478                LPSPI1_IRQHandler
                0x00000478                LPUART1_RxTx_IRQHandler
                0x00000478                RTC_Seconds_IRQHandler
                0x00000478                Reserved72_IRQHandler
                0x00000478                Reserved110_IRQHandler
                0x00000478                Reserved107_IRQHandler
                0x00000478                Read_Collision_IRQHandler
                0x00000478                FTFC_IRQHandler
                0x00000478                FTM1_Ch6_Ch7_IRQHandler
                0x00000478                Reserved105_IRQHandler
                0x00000478                LPIT0_Ch1_IRQHandler
                0x00000478                FTM1_Ch4_Ch5_IRQHandler
                0x00000478                FTM3_Ovf_Reload_IRQHandler
                0x00000478                LPUART2_RxTx_IRQHandler
                0x00000478                LPSPI0_IRQHandler
                0x00000478                WDOG_EWM_IRQHandler
                0x00000478                MemManage_Handler
                0x00000478                Reserved90_IRQHandler
                0x00000478                Reserved83_IRQHandler
                0x00000478                FTM0_Fault_IRQHandler
                0x00000478                Reserved48_IRQHandler
                0x00000478                SVC_Handler
                0x00000478                ERM_single_fault_IRQHandler
                0x00000478                FTM2_Fault_IRQHandler
                0x00000478                FTM0_Ch2_Ch3_IRQHandler
                0x00000478                FTM0_Ch0_Ch1_IRQHandler
                0x00000478                FTM3_Fault_IRQHandler
                0x00000478                RCM_IRQHandler
                0x00000478                Reserved100_IRQHandler
                0x00000478                Reserved91_IRQHandler
                0x00000478                SCG_IRQHandler
                0x00000478                PDB1_IRQHandler
                0x00000478                Reserved81_IRQHandler
                0x00000478                Reserved46_IRQHandler
                0x00000478                Reserved45_IRQHandler
                0x00000478                Reserved112_IRQHandler
                0x00000478                LPI2C0_Master_IRQHandler
                0x00000478                FTM1_Fault_IRQHandler
                0x00000478                Reserved106_IRQHandler
                0x00000478                LVD_LVW_IRQHandler
                0x00000478                LPIT0_Ch2_IRQHandler
                0x00000478                PORTA_IRQHandler
                0x00000478                MCM_IRQHandler
                0x00000478                LPSPI2_IRQHandler
                0x00000478                FTM3_Ch4_Ch5_IRQHandler
                0x00000478                PORTE_IRQHandler
                0x00000478                LPUART0_RxTx_IRQHandler
                0x00000478                LPTMR0_IRQHandler
                0x00000478                BusFault_Handler
                0x00000478                Reserved87_IRQHandler
                0x00000478                FTM1_Ovf_Reload_IRQHandler
                0x00000478                Reserved93_IRQHandler
                0x00000478                CMP0_IRQHandler
                0x00000478                Reserved52_IRQHandler
                0x00000478                PORTC_IRQHandler
                0x00000478                FTM1_Ch0_Ch1_IRQHandler
                0x00000478                FLEXIO_IRQHandler
                0x00000478                Reserved113_IRQHandler
 *(.text*)
 .text.SystemInit
                0x0000047c       0x3c ./SDK/platform/devices/S32K144/startup/system_S32K144.o
                0x0000047c                SystemInit
 .text.init_data_bss
                0x000004b8       0xd8 ./SDK/platform/devices/startup.o
                0x000004b8                init_data_bss
 .text.CLOCK_SYS_GetCurrentRunMode
                0x00000590       0x24 ./SDK/platform/drivers/src/clock/S32K1xx/clock_S32K1xx.o
 .text.CLOCK_SYS_GetSysOscFreq
                0x000005b4       0x1c ./SDK/platform/drivers/src/clock/S32K1xx/clock_S32K1xx.o
 .text.CLOCK_SYS_ConfigureSOSC
                0x000005d0      0x12c ./SDK/platform/drivers/src/clock/S32K1xx/clock_S32K1xx.o
 .text.CLOCK_SYS_GetSircFreq
                0x000006fc       0x2c ./SDK/platform/drivers/src/clock/S32K1xx/clock_S32K1xx.o
 .text.CLOCK_SYS_ConfigureSIRC
                0x00000728       0xc4 ./SDK/platform/drivers/src/clock/S32K1xx/clock_S32K1xx.o
 .text.CLOCK_SYS_GetFircFreq
                0x000007ec       0x20 ./SDK/platform/drivers/src/clock/S32K1xx/clock_S32K1xx.o
 .text.CLOCK_SYS_ConfigureFIRC
                0x0000080c       0xb4 ./SDK/platform/drivers/src/clock/S32K1xx/clock_S32K1xx.o
 .text.CLOCK_SYS_GetSysPllFreq
                0x000008c0       0x44 ./SDK/platform/drivers/src/clock/S32K1xx/clock_S32K1xx.o
 .text.CLOCK_SYS_ConfigureSPLL
                0x00000904      0x12c ./SDK/platform/drivers/src/clock/S32K1xx/clock_S32K1xx.o
 .text.CLOCK_SYS_SetSystemClockConfig
                0x00000a30      0x204 ./SDK/platform/drivers/src/clock/S32K1xx/clock_S32K1xx.o
 .text.CLOCK_SYS_TransitionSystemClock
                0x00000c34       0x54 ./SDK/platform/drivers/src/clock/S32K1xx/clock_S32K1xx.o
 .text.CLOCK_DRV_Init
                0x00000c88      0x610 ./SDK/platform/drivers/src/clock/S32K1xx/clock_S32K1xx.o
                0x00000c88                CLOCK_DRV_Init
 .text.EDMA_DRV_ClearIntStatus
                0x00001298       0x20 ./SDK/platform/drivers/src/edma/edma_driver.o
 .text.EDMA_DRV_IRQHandler
                0x000012b8       0x20 ./SDK/platform/drivers/src/edma/edma_driver.o
                0x000012b8                EDMA_DRV_IRQHandler
 .text.EDMA_DRV_ErrorIRQHandler
                0x000012d8       0x40 ./SDK/platform/drivers/src/edma/edma_driver.o
                0x000012d8                EDMA_DRV_ErrorIRQHandler
 .text.EDMA_DRV_StopChannel
                0x00001318       0x38 ./SDK/platform/drivers/src/edma/edma_driver.o
                0x00001318                EDMA_DRV_StopChannel
 .text.EDMA_DRV_GetDmaRegBaseAddr
                0x00001350       0x10 ./SDK/platform/drivers/src/edma/edma_driver.o
                0x00001350                EDMA_DRV_GetDmaRegBaseAddr
 .text.EDMA_SetDmaRequestCmd
                0x00001360        0xa ./SDK/platform/drivers/src/edma/edma_hw_access.o
                0x00001360                EDMA_SetDmaRequestCmd
 .text.DMA0_IRQHandler
                0x0000136a        0xa ./SDK/platform/drivers/src/edma/edma_irq.o
                0x0000136a                DMA0_IRQHandler
 .text.DMA1_IRQHandler
                0x00001374        0xa ./SDK/platform/drivers/src/edma/edma_irq.o
                0x00001374                DMA1_IRQHandler
 .text.DMA2_IRQHandler
                0x0000137e        0xa ./SDK/platform/drivers/src/edma/edma_irq.o
                0x0000137e                DMA2_IRQHandler
 .text.DMA3_IRQHandler
                0x00001388        0xa ./SDK/platform/drivers/src/edma/edma_irq.o
                0x00001388                DMA3_IRQHandler
 .text.DMA4_IRQHandler
                0x00001392        0xa ./SDK/platform/drivers/src/edma/edma_irq.o
                0x00001392                DMA4_IRQHandler
 .text.DMA5_IRQHandler
                0x0000139c        0xa ./SDK/platform/drivers/src/edma/edma_irq.o
                0x0000139c                DMA5_IRQHandler
 .text.DMA6_IRQHandler
                0x000013a6        0xa ./SDK/platform/drivers/src/edma/edma_irq.o
                0x000013a6                DMA6_IRQHandler
 .text.DMA7_IRQHandler
                0x000013b0        0xa ./SDK/platform/drivers/src/edma/edma_irq.o
                0x000013b0                DMA7_IRQHandler
 .text.DMA8_IRQHandler
                0x000013ba        0xa ./SDK/platform/drivers/src/edma/edma_irq.o
                0x000013ba                DMA8_IRQHandler
 .text.DMA9_IRQHandler
                0x000013c4        0xa ./SDK/platform/drivers/src/edma/edma_irq.o
                0x000013c4                DMA9_IRQHandler
 .text.DMA10_IRQHandler
                0x000013ce        0xa ./SDK/platform/drivers/src/edma/edma_irq.o
                0x000013ce                DMA10_IRQHandler
 .text.DMA11_IRQHandler
                0x000013d8        0xa ./SDK/platform/drivers/src/edma/edma_irq.o
                0x000013d8                DMA11_IRQHandler
 .text.DMA12_IRQHandler
                0x000013e2        0xa ./SDK/platform/drivers/src/edma/edma_irq.o
                0x000013e2                DMA12_IRQHandler
 .text.DMA13_IRQHandler
                0x000013ec        0xa ./SDK/platform/drivers/src/edma/edma_irq.o
                0x000013ec                DMA13_IRQHandler
 .text.DMA14_IRQHandler
                0x000013f6        0xa ./SDK/platform/drivers/src/edma/edma_irq.o
                0x000013f6                DMA14_IRQHandler
 .text.DMA15_IRQHandler
                0x00001400        0xa ./SDK/platform/drivers/src/edma/edma_irq.o
                0x00001400                DMA15_IRQHandler
 .text.DMA_Error_IRQHandler
                0x0000140a       0x28 ./SDK/platform/drivers/src/edma/edma_irq.o
                0x0000140a                DMA_Error_IRQHandler
 *fill*         0x00001432        0x2 
 .text.FLEXCAN_CompleteRxMessageFifoData
                0x00001434       0xbc ./SDK/platform/drivers/src/flexcan/flexcan_driver.o
 .text.FLEXCAN_CompleteTransfer
                0x000014f0       0x3c ./SDK/platform/drivers/src/flexcan/flexcan_driver.o
 .text.FLEXCAN_BusOff_IRQHandler
                0x0000152c       0x30 ./SDK/platform/drivers/src/flexcan/flexcan_driver.o
                0x0000152c                FLEXCAN_BusOff_IRQHandler
 .text.FLEXCAN_IRQHandler
                0x0000155c      0x248 ./SDK/platform/drivers/src/flexcan/flexcan_driver.o
                0x0000155c                FLEXCAN_IRQHandler
 .text.FLEXCAN_Error_IRQHandler
                0x000017a4       0x30 ./SDK/platform/drivers/src/flexcan/flexcan_driver.o
                0x000017a4                FLEXCAN_Error_IRQHandler
 .text.FLEXCAN_WakeUpHandler
                0x000017d4       0x74 ./SDK/platform/drivers/src/flexcan/flexcan_driver.o
                0x000017d4                FLEXCAN_WakeUpHandler
 .text.FLEXCAN_ComputePayloadSize
                0x00001848       0x36 ./SDK/platform/drivers/src/flexcan/flexcan_hw_access.o
 .text.FLEXCAN_SetMsgBuffIntCmd
                0x0000187e       0x24 ./SDK/platform/drivers/src/flexcan/flexcan_hw_access.o
                0x0000187e                FLEXCAN_SetMsgBuffIntCmd
 *fill*         0x000018a2        0x2 
 .text.FLEXCAN_ClearErrIntStatusFlag
                0x000018a4       0x18 ./SDK/platform/drivers/src/flexcan/flexcan_hw_access.o
                0x000018a4                FLEXCAN_ClearErrIntStatusFlag
 .text.FLEXCAN_ClearBusOffIntStatusFlag
                0x000018bc       0x14 ./SDK/platform/drivers/src/flexcan/flexcan_hw_access.o
                0x000018bc                FLEXCAN_ClearBusOffIntStatusFlag
 .text.FLEXCAN_ReadRxFifo
                0x000018d0       0x58 ./SDK/platform/drivers/src/flexcan/flexcan_hw_access.o
                0x000018d0                FLEXCAN_ReadRxFifo
 .text.FLEXCAN_GetPayloadSize
                0x00001928       0x20 ./SDK/platform/drivers/src/flexcan/flexcan_hw_access.o
                0x00001928                FLEXCAN_GetPayloadSize
 .text.FLEXCAN_GetMsgBuffRegion
                0x00001948       0x30 ./SDK/platform/drivers/src/flexcan/flexcan_hw_access.o
                0x00001948                FLEXCAN_GetMsgBuffRegion
 .text.FLEXCAN_LockRxMsgBuff
                0x00001978        0xa ./SDK/platform/drivers/src/flexcan/flexcan_hw_access.o
                0x00001978                FLEXCAN_LockRxMsgBuff
 .text.FLEXCAN_GetMsgBuff
                0x00001982       0x92 ./SDK/platform/drivers/src/flexcan/flexcan_hw_access.o
                0x00001982                FLEXCAN_GetMsgBuff
 .text.CAN0_ORed_IRQHandler
                0x00001a14        0xa ./SDK/platform/drivers/src/flexcan/flexcan_irq.o
                0x00001a14                CAN0_ORed_IRQHandler
 .text.CAN0_Error_IRQHandler
                0x00001a1e        0xa ./SDK/platform/drivers/src/flexcan/flexcan_irq.o
                0x00001a1e                CAN0_Error_IRQHandler
 .text.CAN0_Wake_Up_IRQHandler
                0x00001a28        0xa ./SDK/platform/drivers/src/flexcan/flexcan_irq.o
                0x00001a28                CAN0_Wake_Up_IRQHandler
 .text.CAN0_ORed_0_15_MB_IRQHandler
                0x00001a32        0xa ./SDK/platform/drivers/src/flexcan/flexcan_irq.o
                0x00001a32                CAN0_ORed_0_15_MB_IRQHandler
 .text.CAN0_ORed_16_31_MB_IRQHandler
                0x00001a3c        0xa ./SDK/platform/drivers/src/flexcan/flexcan_irq.o
                0x00001a3c                CAN0_ORed_16_31_MB_IRQHandler
 .text.CAN1_ORed_IRQHandler
                0x00001a46        0xa ./SDK/platform/drivers/src/flexcan/flexcan_irq.o
                0x00001a46                CAN1_ORed_IRQHandler
 .text.CAN1_Error_IRQHandler
                0x00001a50        0xa ./SDK/platform/drivers/src/flexcan/flexcan_irq.o
                0x00001a50                CAN1_Error_IRQHandler
 .text.CAN1_ORed_0_15_MB_IRQHandler
                0x00001a5a        0xa ./SDK/platform/drivers/src/flexcan/flexcan_irq.o
                0x00001a5a                CAN1_ORed_0_15_MB_IRQHandler
 .text.CAN2_ORed_IRQHandler
                0x00001a64        0xa ./SDK/platform/drivers/src/flexcan/flexcan_irq.o
                0x00001a64                CAN2_ORed_IRQHandler
 .text.CAN2_Error_IRQHandler
                0x00001a6e        0xa ./SDK/platform/drivers/src/flexcan/flexcan_irq.o
                0x00001a6e                CAN2_Error_IRQHandler
 .text.CAN2_ORed_0_15_MB_IRQHandler
                0x00001a78        0xa ./SDK/platform/drivers/src/flexcan/flexcan_irq.o
                0x00001a78                CAN2_ORed_0_15_MB_IRQHandler
 *fill*         0x00001a82        0x2 
 .text.INT_SYS_EnableIRQGlobal
                0x00001a84       0x1c ./SDK/platform/drivers/src/interrupt/interrupt_manager.o
                0x00001a84                INT_SYS_EnableIRQGlobal
 .text.INT_SYS_DisableIRQGlobal
                0x00001aa0       0x10 ./SDK/platform/drivers/src/interrupt/interrupt_manager.o
                0x00001aa0                INT_SYS_DisableIRQGlobal
 .text.PINS_DRV_Init
                0x00001ab0       0x20 ./SDK/platform/drivers/src/pins/pins_driver.o
                0x00001ab0                PINS_DRV_Init
 .text.PINS_GetAdcInterleaveVal
                0x00001ad0       0x70 ./SDK/platform/drivers/src/pins/pins_port_hw_access.o
 .text.PINS_Init
                0x00001b40      0x138 ./SDK/platform/drivers/src/pins/pins_port_hw_access.o
                0x00001b40                PINS_Init
 .text.SysTick_Handler
                0x00001c78       0x10 ./SDK/rtos/osif/osif_baremetal.o
                0x00001c78                SysTick_Handler
 .text.OSIF_SemaPost
                0x00001c88       0x2c ./SDK/rtos/osif/osif_baremetal.o
                0x00001c88                OSIF_SemaPost
 .text.FLEXCAN0_init
                0x00001cb4       0xac ./src/FlexCAN.o
                0x00001cb4                FLEXCAN0_init
 .text.FLEXCAN0_transmit_msg
                0x00001d60       0x34 ./src/FlexCAN.o
                0x00001d60                FLEXCAN0_transmit_msg
 .text.FLEXCAN0_receive_msg
                0x00001d94       0x68 ./src/FlexCAN.o
                0x00001d94                FLEXCAN0_receive_msg
 .text.BoardInit
                0x00001dfc       0x1c ./src/main.o
                0x00001dfc                BoardInit
 .text.Update_PWM
                0x00001e18       0x38 ./src/main.o
                0x00001e18                Update_PWM
 .text.main     0x00001e50       0x64 ./src/main.o
                0x00001e50                main
 .text.PWM_FTM0_Init_Register
                0x00001eb4       0x40 ./src/pwm.o
                0x00001eb4                PWM_FTM0_Init_Register
 .text.PWM_UpdateDuty_rs
                0x00001ef4       0x30 ./src/pwm.o
                0x00001ef4                PWM_UpdateDuty_rs
 *(.rodata)
 *(.rodata*)
 .rodata.clockNameMappings
                0x00001f24       0x9e ./SDK/platform/drivers/src/clock/S32K1xx/clock_S32K1xx.o
                0x00001f24                clockNameMappings
 *fill*         0x00001fc2        0x2 
 .rodata.maxSysClksInHSRUN.7631
                0x00001fc4       0x54 ./SDK/platform/drivers/src/clock/S32K1xx/clock_S32K1xx.o
 .rodata.maxSysClksInRUN.7630
                0x00002018       0x54 ./SDK/platform/drivers/src/clock/S32K1xx/clock_S32K1xx.o
 .rodata.maxSysClksInVLPR.7629
                0x0000206c       0x54 ./SDK/platform/drivers/src/clock/S32K1xx/clock_S32K1xx.o
 .rodata.g_flexcanBase
                0x000020c0        0xc ./SDK/platform/drivers/src/flexcan/flexcan_driver.o
 *(.init)
 .init          0x000020cc        0x4 c:/nxp/s32ds.3.5/s32ds/build_tools/gcc_b1620/gcc-6.3-arm32-eabi/bin/../lib/gcc/arm-none-eabi/6.3.1/thumb/v7e-m/fpv4-sp/hard/crti.o
                0x000020cc                _init
 *(.fini)
 .fini          0x000020d0        0x4 c:/nxp/s32ds.3.5/s32ds/build_tools/gcc_b1620/gcc-6.3-arm32-eabi/bin/../lib/gcc/arm-none-eabi/6.3.1/thumb/v7e-m/fpv4-sp/hard/crti.o
                0x000020d0                _fini
 *(.eh_frame)
                0x000020d4                . = ALIGN (0x4)

.glue_7         0x000020d4        0x0
 .glue_7        0x000020d4        0x0 linker stubs

.glue_7t        0x000020d4        0x0
 .glue_7t       0x000020d4        0x0 linker stubs

.vfp11_veneer   0x000020d4        0x0
 .vfp11_veneer  0x000020d4        0x0 linker stubs

.v4_bx          0x000020d4        0x0
 .v4_bx         0x000020d4        0x0 linker stubs

.iplt           0x000020d4        0x0
 .iplt          0x000020d4        0x0 ./Project_Settings/Startup_Code/startup_S32K144.o

.rel.dyn        0x000020d4        0x0
 .rel.iplt      0x000020d4        0x0 ./Project_Settings/Startup_Code/startup_S32K144.o

.ARM            0x000020d4        0x0
                0x000020d4                __exidx_start = .
 *(.ARM.exidx*)
                0x000020d4                __exidx_end = .
                0x000020d4                __etext = .
                0x000020d4                __DATA_ROM = .

.interrupts_ram
                0x1fff8000      0x400
                0x1fff8000                . = ALIGN (0x4)
                0x1fff8000                __VECTOR_RAM__ = .
                0x1fff8000                __RAM_START = .
                0x1fff8000                __interrupts_ram_start__ = .
 *(.m_interrupts_ram)
                0x1fff8400                . = (. + M_VECTOR_RAM_SIZE)
 *fill*         0x1fff8000      0x400 
                0x1fff8400                . = ALIGN (0x4)
                0x1fff8400                __interrupts_ram_end__ = .
                0x1fff8000                __VECTOR_RAM = DEFINED (__flash_vector_table__)?ORIGIN (m_interrupts):__VECTOR_RAM__
                0x00000400                __RAM_VECTOR_TABLE_SIZE = DEFINED (__flash_vector_table__)?0x0:(__interrupts_ram_end__ - __interrupts_ram_start__)

.data           0x1fff8400      0x270 load address 0x000020d4
                0x1fff8400                . = ALIGN (0x4)
                0x1fff8400                __DATA_RAM = .
                0x1fff8400                __data_start__ = .
 *(.data)
 *(.data*)
 .data.peripheralClockConfig.7378
                0x1fff8400       0xa0 ./SDK/platform/drivers/src/clock/S32K1xx/clock_S32K1xx.o
 .data.clockMan1_InitConfig0
                0x1fff84a0       0x88 ./board/clock_config.o
                0x1fff84a0                clockMan1_InitConfig0
 .data.peripheralClockConfig0
                0x1fff8528       0xa0 ./board/clock_config.o
                0x1fff8528                peripheralClockConfig0
 .data.g_pin_mux_InitConfigArr0
                0x1fff85c8       0xa8 ./board/pin_mux.o
                0x1fff85c8                g_pin_mux_InitConfigArr0
                0x1fff8670                . = ALIGN (0x4)
                0x1fff8670                __data_end__ = .
                0x00002344                __DATA_END = (__DATA_ROM + (__data_end__ - __data_start__))
                0x00002344                __CODE_ROM = __DATA_END

.igot.plt       0x1fff8670        0x0 load address 0x00002344
 .igot.plt      0x1fff8670        0x0 ./Project_Settings/Startup_Code/startup_S32K144.o

.code           0x1fff8670        0x0 load address 0x00002344
                0x1fff8670                . = ALIGN (0x4)
                0x1fff8670                __CODE_RAM = .
                0x1fff8670                __code_start__ = .
                0x1fff8670                __code_ram_start__ = .
 *(.code_ram)
                0x1fff8670                . = ALIGN (0x4)
                0x1fff8670                __code_end__ = .
                0x1fff8670                __code_ram_end__ = .
                0x00002344                __CODE_END = (__CODE_ROM + (__code_end__ - __code_start__))
                0x00002344                __CUSTOM_ROM = __CODE_END

.customSectionBlock
                0x20000000        0x0 load address 0x00002344
                0x20000000                __customSection_start__ = .
 *(.customSection)
                0x20000000                __customSection_end__ = .
                0x00002344                __CUSTOM_END = (__CUSTOM_ROM + (__customSection_end__ - __customSection_start__))
                0x00002344                __rom_end = __CUSTOM_END

.bss            0x20000000       0x38
                0x20000000                . = ALIGN (0x4)
                0x20000000                __BSS_START = .
                0x20000000                __bss_start__ = .
 *(.bss)
 *(.bss*)
 .bss.g_RtcClkInFreq
                0x20000000        0x4 ./SDK/platform/drivers/src/clock/S32K1xx/clock_S32K1xx.o
                0x20000000                g_RtcClkInFreq
 .bss.g_TClkFreq
                0x20000004        0xc ./SDK/platform/drivers/src/clock/S32K1xx/clock_S32K1xx.o
                0x20000004                g_TClkFreq
 .bss.g_xtal0ClkFreq
                0x20000010        0x4 ./SDK/platform/drivers/src/clock/S32K1xx/clock_S32K1xx.o
                0x20000010                g_xtal0ClkFreq
 .bss.s_virtEdmaState
                0x20000014        0x4 ./SDK/platform/drivers/src/edma/edma_driver.o
 .bss.g_flexcanStatePtr
                0x20000018        0xc ./SDK/platform/drivers/src/flexcan/flexcan_driver.o
 .bss.g_interruptDisableCount
                0x20000024        0x4 ./SDK/platform/drivers/src/interrupt/interrupt_manager.o
 .bss.s_osif_tick_cnt
                0x20000028        0x4 ./SDK/rtos/osif/osif_baremetal.o
 .bss.RxLENGTH  0x2000002c        0x4 ./src/main.o
                0x2000002c                RxLENGTH
 .bss.duty_cycle
                0x20000030        0x4 ./src/main.o
                0x20000030                duty_cycle
 .bss.rx_buffer
                0x20000034        0x4 ./src/main.o
                0x20000034                rx_buffer
 *(COMMON)
                0x20000038                . = ALIGN (0x4)
                0x20000038                __bss_end__ = .
                0x20000038                __BSS_END = .

.heap           0x20000038      0x400
                0x20000038                . = ALIGN (0x8)
                0x20000038                __end__ = .
                0x20000038                __heap_start__ = .
                [!provide]                PROVIDE (end = .)
                [!provide]                PROVIDE (_end = .)
                [!provide]                PROVIDE (__end = .)
                0x20000038                __HeapBase = .
                0x20000438                . = (. + HEAP_SIZE)
 *fill*         0x20000038      0x400 
                0x20000438                __HeapLimit = .
                0x20000438                __heap_limit = .
                0x20000438                __heap_end__ = .
                0x20007000                __StackTop = (ORIGIN (m_data_2) + LENGTH (m_data_2))
                0x20006c00                __StackLimit = (__StackTop - STACK_SIZE)
                0x20007000                PROVIDE (__stack = __StackTop)
                0x20007000                __RAM_END = __StackTop

.stack          0x20006c00      0x400
                0x20006c00                . = ALIGN (0x8)
                0x20006c00                __stack_start__ = .
                0x20007000                . = (. + STACK_SIZE)
 *fill*         0x20006c00      0x400 
                0x20007000                __stack_end__ = .

.ARM.attributes
                0x00000000       0x30
 *(.ARM.attributes)
 .ARM.attributes
                0x00000000       0x22 c:/nxp/s32ds.3.5/s32ds/build_tools/gcc_b1620/gcc-6.3-arm32-eabi/bin/../lib/gcc/arm-none-eabi/6.3.1/thumb/v7e-m/fpv4-sp/hard/crti.o
 .ARM.attributes
                0x00000022       0x1f ./Project_Settings/Startup_Code/startup_S32K144.o
 .ARM.attributes
                0x00000041       0x39 ./SDK/platform/devices/S32K144/startup/system_S32K144.o
 .ARM.attributes
                0x0000007a       0x39 ./SDK/platform/devices/startup.o
 .ARM.attributes
                0x000000b3       0x39 ./SDK/platform/drivers/src/clock/S32K1xx/clock_S32K1xx.o
 .ARM.attributes
                0x000000ec       0x39 ./SDK/platform/drivers/src/edma/edma_driver.o
 .ARM.attributes
                0x00000125       0x39 ./SDK/platform/drivers/src/edma/edma_hw_access.o
 .ARM.attributes
                0x0000015e       0x39 ./SDK/platform/drivers/src/edma/edma_irq.o
 .ARM.attributes
                0x00000197       0x39 ./SDK/platform/drivers/src/flexcan/flexcan_driver.o
 .ARM.attributes
                0x000001d0       0x39 ./SDK/platform/drivers/src/flexcan/flexcan_hw_access.o
 .ARM.attributes
                0x00000209       0x39 ./SDK/platform/drivers/src/flexcan/flexcan_irq.o
 .ARM.attributes
                0x00000242       0x39 ./SDK/platform/drivers/src/interrupt/interrupt_manager.o
 .ARM.attributes
                0x0000027b       0x39 ./SDK/platform/drivers/src/pins/pins_driver.o
 .ARM.attributes
                0x000002b4       0x39 ./SDK/platform/drivers/src/pins/pins_port_hw_access.o
 .ARM.attributes
                0x000002ed       0x39 ./SDK/rtos/osif/osif_baremetal.o
 .ARM.attributes
                0x00000326       0x39 ./board/clock_config.o
 .ARM.attributes
                0x0000035f       0x39 ./board/pin_mux.o
 .ARM.attributes
                0x00000398       0x39 ./src/FlexCAN.o
 .ARM.attributes
                0x000003d1       0x39 ./src/main.o
 .ARM.attributes
                0x0000040a       0x39 ./src/pwm.o
                0x00000001                ASSERT ((__rom_end <= (ORIGIN (m_text) + LENGTH (m_text))), Region m_text overflowed!)
                0x00000001                ASSERT ((__StackLimit >= __HeapLimit), region m_data_2 overflowed with stack and heap)
OUTPUT(can_pal_s32k144_EX.elf elf32-littlearm)

.debug_line     0x00000000     0x8421
 .debug_line    0x00000000       0x8f ./Project_Settings/Startup_Code/startup_S32K144.o
 .debug_line    0x0000008f      0x3f5 ./SDK/platform/devices/S32K144/startup/system_S32K144.o
 .debug_line    0x00000484      0x31f ./SDK/platform/devices/startup.o
 .debug_line    0x000007a3     0x14d8 ./SDK/platform/drivers/src/clock/S32K1xx/clock_S32K1xx.o
 .debug_line    0x00001c7b     0x1058 ./SDK/platform/drivers/src/edma/edma_driver.o
 .debug_line    0x00002cd3      0x5b8 ./SDK/platform/drivers/src/edma/edma_hw_access.o
 .debug_line    0x0000328b      0x51f ./SDK/platform/drivers/src/edma/edma_irq.o
 .debug_line    0x000037aa     0x1297 ./SDK/platform/drivers/src/flexcan/flexcan_driver.o
 .debug_line    0x00004a41      0xa89 ./SDK/platform/drivers/src/flexcan/flexcan_hw_access.o
 .debug_line    0x000054ca      0x477 ./SDK/platform/drivers/src/flexcan/flexcan_irq.o
 .debug_line    0x00005941      0x54a ./SDK/platform/drivers/src/interrupt/interrupt_manager.o
 .debug_line    0x00005e8b      0x691 ./SDK/platform/drivers/src/pins/pins_driver.o
 .debug_line    0x0000651c      0x550 ./SDK/platform/drivers/src/pins/pins_port_hw_access.o
 .debug_line    0x00006a6c      0x5c5 ./SDK/rtos/osif/osif_baremetal.o
 .debug_line    0x00007031      0x3f8 ./board/clock_config.o
 .debug_line    0x00007429      0x3bc ./board/pin_mux.o
 .debug_line    0x000077e5      0x34d ./src/FlexCAN.o
 .debug_line    0x00007b32      0x64f ./src/main.o
 .debug_line    0x00008181      0x2a0 ./src/pwm.o

.debug_info     0x00000000    0x1bc53
 .debug_info    0x00000000       0x26 ./Project_Settings/Startup_Code/startup_S32K144.o
 .debug_info    0x00000026      0x525 ./SDK/platform/devices/S32K144/startup/system_S32K144.o
 .debug_info    0x0000054b      0x2b1 ./SDK/platform/devices/startup.o
 .debug_info    0x000007fc     0x622a ./SDK/platform/drivers/src/clock/S32K1xx/clock_S32K1xx.o
 .debug_info    0x00006a26     0x48a2 ./SDK/platform/drivers/src/edma/edma_driver.o
 .debug_info    0x0000b2c8      0xa56 ./SDK/platform/drivers/src/edma/edma_hw_access.o
 .debug_info    0x0000bd1e      0x6de ./SDK/platform/drivers/src/edma/edma_irq.o
 .debug_info    0x0000c3fc     0x5b85 ./SDK/platform/drivers/src/flexcan/flexcan_driver.o
 .debug_info    0x00011f81     0x202c ./SDK/platform/drivers/src/flexcan/flexcan_hw_access.o
 .debug_info    0x00013fad      0x284 ./SDK/platform/drivers/src/flexcan/flexcan_irq.o
 .debug_info    0x00014231      0xc9d ./SDK/platform/drivers/src/interrupt/interrupt_manager.o
 .debug_info    0x00014ece     0x14bb ./SDK/platform/drivers/src/pins/pins_driver.o
 .debug_info    0x00016389      0x9a9 ./SDK/platform/drivers/src/pins/pins_port_hw_access.o
 .debug_info    0x00016d32      0xbd2 ./SDK/rtos/osif/osif_baremetal.o
 .debug_info    0x00017904     0x12b9 ./board/clock_config.o
 .debug_info    0x00018bbd      0x409 ./board/pin_mux.o
 .debug_info    0x00018fc6      0x4e8 ./src/FlexCAN.o
 .debug_info    0x000194ae     0x242a ./src/main.o
 .debug_info    0x0001b8d8      0x37b ./src/pwm.o

.debug_abbrev   0x00000000     0x27d2
 .debug_abbrev  0x00000000       0x14 ./Project_Settings/Startup_Code/startup_S32K144.o
 .debug_abbrev  0x00000014      0x143 ./SDK/platform/devices/S32K144/startup/system_S32K144.o
 .debug_abbrev  0x00000157       0xe3 ./SDK/platform/devices/startup.o
 .debug_abbrev  0x0000023a      0x40b ./SDK/platform/drivers/src/clock/S32K1xx/clock_S32K1xx.o
 .debug_abbrev  0x00000645      0x414 ./SDK/platform/drivers/src/edma/edma_driver.o
 .debug_abbrev  0x00000a59      0x242 ./SDK/platform/drivers/src/edma/edma_hw_access.o
 .debug_abbrev  0x00000c9b      0x1bb ./SDK/platform/drivers/src/edma/edma_irq.o
 .debug_abbrev  0x00000e56      0x45d ./SDK/platform/drivers/src/flexcan/flexcan_driver.o
 .debug_abbrev  0x000012b3      0x3a7 ./SDK/platform/drivers/src/flexcan/flexcan_hw_access.o
 .debug_abbrev  0x0000165a       0x6f ./SDK/platform/drivers/src/flexcan/flexcan_irq.o
 .debug_abbrev  0x000016c9      0x27a ./SDK/platform/drivers/src/interrupt/interrupt_manager.o
 .debug_abbrev  0x00001943      0x2f8 ./SDK/platform/drivers/src/pins/pins_driver.o
 .debug_abbrev  0x00001c3b      0x234 ./SDK/platform/drivers/src/pins/pins_port_hw_access.o
 .debug_abbrev  0x00001e6f      0x2e1 ./SDK/rtos/osif/osif_baremetal.o
 .debug_abbrev  0x00002150      0x125 ./board/clock_config.o
 .debug_abbrev  0x00002275       0xcd ./board/pin_mux.o
 .debug_abbrev  0x00002342      0x17a ./src/FlexCAN.o
 .debug_abbrev  0x000024bc      0x214 ./src/main.o
 .debug_abbrev  0x000026d0      0x102 ./src/pwm.o

.debug_aranges  0x00000000      0x9c8
 .debug_aranges
                0x00000000       0x20 ./Project_Settings/Startup_Code/startup_S32K144.o
 .debug_aranges
                0x00000020       0x30 ./SDK/platform/devices/S32K144/startup/system_S32K144.o
 .debug_aranges
                0x00000050       0x20 ./SDK/platform/devices/startup.o
 .debug_aranges
                0x00000070      0x128 ./SDK/platform/drivers/src/clock/S32K1xx/clock_S32K1xx.o
 .debug_aranges
                0x00000198      0x140 ./SDK/platform/drivers/src/edma/edma_driver.o
 .debug_aranges
                0x000002d8       0x88 ./SDK/platform/drivers/src/edma/edma_hw_access.o
 .debug_aranges
                0x00000360       0xa0 ./SDK/platform/drivers/src/edma/edma_irq.o
 .debug_aranges
                0x00000400      0x198 ./SDK/platform/drivers/src/flexcan/flexcan_driver.o
 .debug_aranges
                0x00000598       0xf8 ./SDK/platform/drivers/src/flexcan/flexcan_hw_access.o
 .debug_aranges
                0x00000690       0x80 ./SDK/platform/drivers/src/flexcan/flexcan_irq.o
 .debug_aranges
                0x00000710       0x70 ./SDK/platform/drivers/src/interrupt/interrupt_manager.o
 .debug_aranges
                0x00000780       0xe0 ./SDK/platform/drivers/src/pins/pins_driver.o
 .debug_aranges
                0x00000860       0x40 ./SDK/platform/drivers/src/pins/pins_port_hw_access.o
 .debug_aranges
                0x000008a0       0x70 ./SDK/rtos/osif/osif_baremetal.o
 .debug_aranges
                0x00000910       0x18 ./board/clock_config.o
 .debug_aranges
                0x00000928       0x18 ./board/pin_mux.o
 .debug_aranges
                0x00000940       0x30 ./src/FlexCAN.o
 .debug_aranges
                0x00000970       0x30 ./src/main.o
 .debug_aranges
                0x000009a0       0x28 ./src/pwm.o

.debug_str      0x00000000    0x73f29
 .debug_str     0x00000000       0x80 ./Project_Settings/Startup_Code/startup_S32K144.o
 .debug_str     0x00000080    0x687e9 ./SDK/platform/devices/S32K144/startup/system_S32K144.o
                              0x689b5 (size before relaxing)
 .debug_str     0x00068869      0x367 ./SDK/platform/devices/startup.o
                              0x68b27 (size before relaxing)
 .debug_str     0x00068bd0     0x40a5 ./SDK/platform/drivers/src/clock/S32K1xx/clock_S32K1xx.o
                              0x6cc3b (size before relaxing)
 .debug_str     0x0006cc75     0x1f2a ./SDK/platform/drivers/src/edma/edma_driver.o
                              0x6b8f5 (size before relaxing)
 .debug_str     0x0006eb9f       0x46 ./SDK/platform/drivers/src/edma/edma_hw_access.o
                              0x69086 (size before relaxing)
 .debug_str     0x0006ebe5      0x162 ./SDK/platform/drivers/src/edma/edma_irq.o
                              0x68d91 (size before relaxing)
 .debug_str     0x0006ed47     0x284b ./SDK/platform/drivers/src/flexcan/flexcan_driver.o
                              0x6c9e0 (size before relaxing)
 .debug_str     0x00071592      0x510 ./SDK/platform/drivers/src/flexcan/flexcan_hw_access.o
                              0x6ae6d (size before relaxing)
 .debug_str     0x00071aa2      0x17c ./SDK/platform/drivers/src/flexcan/flexcan_irq.o
                              0x688d1 (size before relaxing)
 .debug_str     0x00071c1e      0x18e ./SDK/platform/drivers/src/interrupt/interrupt_manager.o
                              0x692b0 (size before relaxing)
 .debug_str     0x00071dac      0x99e ./SDK/platform/drivers/src/pins/pins_driver.o
                              0x69c83 (size before relaxing)
 .debug_str     0x0007274a      0x19d ./SDK/platform/drivers/src/pins/pins_port_hw_access.o
                              0x6916b (size before relaxing)
 .debug_str     0x000728e7      0x1b7 ./SDK/rtos/osif/osif_baremetal.o
                              0x69af2 (size before relaxing)
 .debug_str     0x00072a9e       0xda ./board/clock_config.o
                              0x6aa51 (size before relaxing)
 .debug_str     0x00072b78      0x128 ./board/pin_mux.o
                              0x68ef3 (size before relaxing)
 .debug_str     0x00072ca0       0xdb ./src/FlexCAN.o
                              0x62ee2 (size before relaxing)
 .debug_str     0x00072d7b     0x113b ./src/main.o
                              0x6c8d1 (size before relaxing)
 .debug_str     0x00073eb6       0x73 ./src/pwm.o
                              0x62e4f (size before relaxing)

.debug_loc      0x00000000     0xfc86
 .debug_loc     0x00000000       0xeb ./SDK/platform/devices/S32K144/startup/system_S32K144.o
 .debug_loc     0x000000eb       0xec ./SDK/platform/devices/startup.o
 .debug_loc     0x000001d7     0x4dac ./SDK/platform/drivers/src/clock/S32K1xx/clock_S32K1xx.o
 .debug_loc     0x00004f83     0x336f ./SDK/platform/drivers/src/edma/edma_driver.o
 .debug_loc     0x000082f2      0x7b9 ./SDK/platform/drivers/src/edma/edma_hw_access.o
 .debug_loc     0x00008aab       0x50 ./SDK/platform/drivers/src/edma/edma_irq.o
 .debug_loc     0x00008afb     0x3aac ./SDK/platform/drivers/src/flexcan/flexcan_driver.o
 .debug_loc     0x0000c5a7     0x1d02 ./SDK/platform/drivers/src/flexcan/flexcan_hw_access.o
 .debug_loc     0x0000e2a9      0x678 ./SDK/platform/drivers/src/interrupt/interrupt_manager.o
 .debug_loc     0x0000e921      0x7c7 ./SDK/platform/drivers/src/pins/pins_driver.o
 .debug_loc     0x0000f0e8      0x639 ./SDK/platform/drivers/src/pins/pins_port_hw_access.o
 .debug_loc     0x0000f721      0x353 ./SDK/rtos/osif/osif_baremetal.o
 .debug_loc     0x0000fa74      0x130 ./src/FlexCAN.o
 .debug_loc     0x0000fba4       0xe2 ./src/pwm.o

.debug_ranges   0x00000000      0xe18
 .debug_ranges  0x00000000       0x20 ./SDK/platform/devices/S32K144/startup/system_S32K144.o
 .debug_ranges  0x00000020       0x10 ./SDK/platform/devices/startup.o
 .debug_ranges  0x00000030      0x3c8 ./SDK/platform/drivers/src/clock/S32K1xx/clock_S32K1xx.o
 .debug_ranges  0x000003f8      0x190 ./SDK/platform/drivers/src/edma/edma_driver.o
 .debug_ranges  0x00000588       0x90 ./SDK/platform/drivers/src/edma/edma_hw_access.o
 .debug_ranges  0x00000618       0x90 ./SDK/platform/drivers/src/edma/edma_irq.o
 .debug_ranges  0x000006a8      0x300 ./SDK/platform/drivers/src/flexcan/flexcan_driver.o
 .debug_ranges  0x000009a8      0x148 ./SDK/platform/drivers/src/flexcan/flexcan_hw_access.o
 .debug_ranges  0x00000af0       0x70 ./SDK/platform/drivers/src/flexcan/flexcan_irq.o
 .debug_ranges  0x00000b60       0x98 ./SDK/platform/drivers/src/interrupt/interrupt_manager.o
 .debug_ranges  0x00000bf8       0xd0 ./SDK/platform/drivers/src/pins/pins_driver.o
 .debug_ranges  0x00000cc8       0x48 ./SDK/platform/drivers/src/pins/pins_port_hw_access.o
 .debug_ranges  0x00000d10       0x98 ./SDK/rtos/osif/osif_baremetal.o
 .debug_ranges  0x00000da8       0x38 ./src/FlexCAN.o
 .debug_ranges  0x00000de0       0x20 ./src/main.o
 .debug_ranges  0x00000e00       0x18 ./src/pwm.o

.debug_macro    0x00000000    0x20c98
 .debug_macro   0x00000000       0xb6 ./SDK/platform/devices/S32K144/startup/system_S32K144.o
 .debug_macro   0x000000b6      0x8d4 ./SDK/platform/devices/S32K144/startup/system_S32K144.o
 .debug_macro   0x0000098a       0x10 ./SDK/platform/devices/S32K144/startup/system_S32K144.o
 .debug_macro   0x0000099a       0x79 ./SDK/platform/devices/S32K144/startup/system_S32K144.o
 .debug_macro   0x00000a13       0x19 ./SDK/platform/devices/S32K144/startup/system_S32K144.o
 .debug_macro   0x00000a2c       0x22 ./SDK/platform/devices/S32K144/startup/system_S32K144.o
 .debug_macro   0x00000a4e       0x56 ./SDK/platform/devices/S32K144/startup/system_S32K144.o
 .debug_macro   0x00000aa4       0x51 ./SDK/platform/devices/S32K144/startup/system_S32K144.o
 .debug_macro   0x00000af5       0xef ./SDK/platform/devices/S32K144/startup/system_S32K144.o
 .debug_macro   0x00000be4       0x6a ./SDK/platform/devices/S32K144/startup/system_S32K144.o
 .debug_macro   0x00000c4e      0x1df ./SDK/platform/devices/S32K144/startup/system_S32K144.o
 .debug_macro   0x00000e2d     0xed1d ./SDK/platform/devices/S32K144/startup/system_S32K144.o
 .debug_macro   0x0000fb4a      0xbbd ./SDK/platform/devices/S32K144/startup/system_S32K144.o
 .debug_macro   0x00010707       0x22 ./SDK/platform/devices/S32K144/startup/system_S32K144.o
 .debug_macro   0x00010729       0x28 ./SDK/platform/devices/S32K144/startup/system_S32K144.o
 .debug_macro   0x00010751       0xb6 ./SDK/platform/devices/startup.o
 .debug_macro   0x00010807     0xed32 ./SDK/platform/devices/startup.o
 .debug_macro   0x0001f539       0x40 ./SDK/platform/devices/startup.o
 .debug_macro   0x0001f579      0x2b0 ./SDK/platform/drivers/src/clock/S32K1xx/clock_S32K1xx.o
 .debug_macro   0x0001f829      0x16d ./SDK/platform/drivers/src/clock/S32K1xx/clock_S32K1xx.o
 .debug_macro   0x0001f996       0x16 ./SDK/platform/drivers/src/clock/S32K1xx/clock_S32K1xx.o
 .debug_macro   0x0001f9ac       0x8a ./SDK/platform/drivers/src/clock/S32K1xx/clock_S32K1xx.o
 .debug_macro   0x0001fa36       0xf7 ./SDK/platform/drivers/src/edma/edma_driver.o
 .debug_macro   0x0001fb2d       0x10 ./SDK/platform/drivers/src/edma/edma_driver.o
 .debug_macro   0x0001fb3d       0x16 ./SDK/platform/drivers/src/edma/edma_driver.o
 .debug_macro   0x0001fb53       0xcc ./SDK/platform/drivers/src/edma/edma_hw_access.o
 .debug_macro   0x0001fc1f       0xd0 ./SDK/platform/drivers/src/edma/edma_irq.o
 .debug_macro   0x0001fcef      0x19a ./SDK/platform/drivers/src/flexcan/flexcan_driver.o
 .debug_macro   0x0001fe89       0x4c ./SDK/platform/drivers/src/flexcan/flexcan_driver.o
 .debug_macro   0x0001fed5       0x18 ./SDK/platform/drivers/src/flexcan/flexcan_driver.o
 .debug_macro   0x0001feed       0x5c ./SDK/platform/drivers/src/flexcan/flexcan_driver.o
 .debug_macro   0x0001ff49       0x35 ./SDK/platform/drivers/src/flexcan/flexcan_driver.o
 .debug_macro   0x0001ff7e       0x34 ./SDK/platform/drivers/src/flexcan/flexcan_driver.o
 .debug_macro   0x0001ffb2       0x16 ./SDK/platform/drivers/src/flexcan/flexcan_driver.o
 .debug_macro   0x0001ffc8       0x57 ./SDK/platform/drivers/src/flexcan/flexcan_driver.o
 .debug_macro   0x0002001f       0x10 ./SDK/platform/drivers/src/flexcan/flexcan_driver.o
 .debug_macro   0x0002002f      0x184 ./SDK/platform/drivers/src/flexcan/flexcan_driver.o
 .debug_macro   0x000201b3      0x170 ./SDK/platform/drivers/src/flexcan/flexcan_hw_access.o
 .debug_macro   0x00020323       0xb7 ./SDK/platform/drivers/src/flexcan/flexcan_irq.o
 .debug_macro   0x000203da       0xca ./SDK/platform/drivers/src/interrupt/interrupt_manager.o
 .debug_macro   0x000204a4       0xde ./SDK/platform/drivers/src/pins/pins_driver.o
 .debug_macro   0x00020582       0xde ./SDK/platform/drivers/src/pins/pins_port_hw_access.o
 .debug_macro   0x00020660       0xfb ./SDK/rtos/osif/osif_baremetal.o
 .debug_macro   0x0002075b       0xd9 ./board/clock_config.o
 .debug_macro   0x00020834       0x16 ./board/clock_config.o
 .debug_macro   0x0002084a       0xd9 ./board/pin_mux.o
 .debug_macro   0x00020923       0x5e ./board/pin_mux.o
 .debug_macro   0x00020981       0x7b ./src/FlexCAN.o
 .debug_macro   0x000209fc       0x2e ./src/FlexCAN.o
 .debug_macro   0x00020a2a      0x1f0 ./src/main.o
 .debug_macro   0x00020c1a       0x7e ./src/pwm.o

.comment        0x00000000       0x7e
 .comment       0x00000000       0x7e ./SDK/platform/devices/S32K144/startup/system_S32K144.o
                                 0x7f (size before relaxing)
 .comment       0x0000007e       0x7f ./SDK/platform/devices/startup.o
 .comment       0x0000007e       0x7f ./SDK/platform/drivers/src/clock/S32K1xx/clock_S32K1xx.o
 .comment       0x0000007e       0x7f ./SDK/platform/drivers/src/edma/edma_driver.o
 .comment       0x0000007e       0x7f ./SDK/platform/drivers/src/edma/edma_hw_access.o
 .comment       0x0000007e       0x7f ./SDK/platform/drivers/src/edma/edma_irq.o
 .comment       0x0000007e       0x7f ./SDK/platform/drivers/src/flexcan/flexcan_driver.o
 .comment       0x0000007e       0x7f ./SDK/platform/drivers/src/flexcan/flexcan_hw_access.o
 .comment       0x0000007e       0x7f ./SDK/platform/drivers/src/flexcan/flexcan_irq.o
 .comment       0x0000007e       0x7f ./SDK/platform/drivers/src/interrupt/interrupt_manager.o
 .comment       0x0000007e       0x7f ./SDK/platform/drivers/src/pins/pins_driver.o
 .comment       0x0000007e       0x7f ./SDK/platform/drivers/src/pins/pins_port_hw_access.o
 .comment       0x0000007e       0x7f ./SDK/rtos/osif/osif_baremetal.o
 .comment       0x0000007e       0x7f ./board/clock_config.o
 .comment       0x0000007e       0x7f ./board/pin_mux.o
 .comment       0x0000007e       0x7f ./src/FlexCAN.o
 .comment       0x0000007e       0x7f ./src/main.o
 .comment       0x0000007e       0x7f ./src/pwm.o

.debug_frame    0x00000000     0x194c
 .debug_frame   0x00000000       0x40 ./SDK/platform/devices/S32K144/startup/system_S32K144.o
 .debug_frame   0x00000040       0x2c ./SDK/platform/devices/startup.o
 .debug_frame   0x0000006c      0x3a4 ./SDK/platform/drivers/src/clock/S32K1xx/clock_S32K1xx.o
 .debug_frame   0x00000410      0x3a0 ./SDK/platform/drivers/src/edma/edma_driver.o
 .debug_frame   0x000007b0      0x140 ./SDK/platform/drivers/src/edma/edma_hw_access.o
 .debug_frame   0x000008f0      0x1ac ./SDK/platform/drivers/src/edma/edma_irq.o
 .debug_frame   0x00000a9c      0x5a8 ./SDK/platform/drivers/src/flexcan/flexcan_driver.o
 .debug_frame   0x00001044      0x29c ./SDK/platform/drivers/src/flexcan/flexcan_hw_access.o
 .debug_frame   0x000012e0      0x148 ./SDK/platform/drivers/src/flexcan/flexcan_irq.o
 .debug_frame   0x00001428       0xd8 ./SDK/platform/drivers/src/interrupt/interrupt_manager.o
 .debug_frame   0x00001500      0x1e4 ./SDK/platform/drivers/src/pins/pins_driver.o
 .debug_frame   0x000016e4       0xa0 ./SDK/platform/drivers/src/pins/pins_port_hw_access.o
 .debug_frame   0x00001784       0xf4 ./SDK/rtos/osif/osif_baremetal.o
 .debug_frame   0x00001878       0x54 ./src/FlexCAN.o
 .debug_frame   0x000018cc       0x50 ./src/main.o
 .debug_frame   0x0000191c       0x30 ./src/pwm.o
